ifc.c:13:6:ifc_initSingleDATA_FIELD	40	static
ifc.c:31:6:ifc_init_DATA_FIELD	24	static
ifc.c:78:6:ifc_IDLE_entry	8	static
ifc.c:82:6:ifc_IDLE_while	8	static
ifc.c:89:6:ifc_IDLE_exit	4	static
ifc.c:93:6:ifc_FUELING_entry	8	static
ifc.c:97:6:ifc_FUELING_while	8	static
ifc.c:103:6:ifc_FUELING_exit	4	static
ifc.c:107:6:ifc_RDY_SET_entry	8	static
ifc.c:111:6:ifc_RDY_SET_while	8	static
ifc.c:117:6:ifc_RDY_SET_exit	4	static
ifc.c:121:6:ifc_FLIGHT_entry	8	static
ifc.c:125:6:ifc_FLIGHT_while	8	static
ifc.c:131:6:ifc_FLIGHT_exit	4	static
ifc.c:135:6:ifc_LANDED_entry	8	static
ifc.c:139:6:ifc_LANDED_while	8	static
ifc.c:145:6:ifc_LANDED_exit	4	static
ifc.c:149:6:IFC_init	24	static
